%!Adobe-FontList 1.14
%Locale:0x409

%BeginFont
Handler:DirectoryHandler
FontType:Type1
FontName:Acta-Bold
FamilyName:Acta
StyleName:Bold
FullName:Acta Bold
MenuName:Acta Bold
StyleBits:0
WritingScript:Roman
OutlineFileName:C:\Users\Tomas\Dropbox\Verkefni\LHI\Maena2015\Mæna2015-18_13feb_step_yellow-lagad Folder\Document fonts\Acta-Bold.otf
DataFormat:sfntData
UsesStandardEncoding:yes
isCFF:yes
FileLength:68804
FileModTime:1347989862
WeightClass:700
WidthClass:5
AngleClass:0
%EndFont

%BeginFont
Handler:DirectoryHandler
FontType:Type1
FontName:ActaDeck-Bold
FamilyName:Acta Deck
StyleName:Bold
FullName:Acta Deck Bold
MenuName:Acta Deck Bold
StyleBits:0
WritingScript:Roman
OutlineFileName:C:\Users\Tomas\Dropbox\Verkefni\LHI\Maena2015\Mæna2015-18_13feb_step_yellow-lagad Folder\Document fonts\ActaDeck-Bold.otf
DataFormat:sfntData
UsesStandardEncoding:yes
isCFF:yes
FileLength:54620
FileModTime:1364992370
WeightClass:700
WidthClass:5
AngleClass:0
%EndFont

%BeginFont
Handler:DirectoryHandler
FontType:Type1
FontName:ActaDisplay-Black
FamilyName:Acta Display
StyleName:Black
FullName:Acta Display Black
MenuName:Acta Display Black
StyleBits:0
WritingScript:Roman
OutlineFileName:C:\Users\Tomas\Dropbox\Verkefni\LHI\Maena2015\Mæna2015-18_13feb_step_yellow-lagad Folder\Document fonts\ActaDisplay-Black.otf
DataFormat:sfntData
UsesStandardEncoding:yes
isCFF:yes
FileLength:68604
FileModTime:1347989858
WeightClass:900
WidthClass:5
AngleClass:0
%EndFont

%BeginFont
Handler:DirectoryHandler
FontType:Type1
FontName:ActaDisplay-BoldItalic
FamilyName:Acta Display
StyleName:Bold Italic
FullName:Acta Display Bold Italic
MenuName:Acta Display Bold
StyleBits:1
WritingScript:Roman
OutlineFileName:C:\Users\Tomas\Dropbox\Verkefni\LHI\Maena2015\Mæna2015-18_13feb_step_yellow-lagad Folder\Document fonts\ActaDisplay-BoldItalic.otf
DataFormat:sfntData
UsesStandardEncoding:yes
isCFF:yes
FileLength:73484
FileModTime:1347989868
WeightClass:700
WidthClass:5
AngleClass:0
%EndFont

%BeginFont
Handler:DirectoryHandler
FontType:Type1
FontName:ActaDisplay-ExtraBoldItalic
FamilyName:Acta Display
StyleName:ExtraBold Italic
FullName:Acta Display ExtraBold Italic
MenuName:Acta Display ExtraBold
StyleBits:1
WritingScript:Roman
OutlineFileName:C:\Users\Tomas\Dropbox\Verkefni\LHI\Maena2015\Mæna2015-18_13feb_step_yellow-lagad Folder\Document fonts\ActaDisplay-ExtraBoldItalic.otf
DataFormat:sfntData
UsesStandardEncoding:yes
isCFF:yes
FileLength:74108
FileModTime:1347989856
WeightClass:800
WidthClass:5
AngleClass:0
%EndFont

%BeginFont
Handler:DirectoryHandler
FontType:Type1
FontName:UniversLTStd-Black
FamilyName:Univers LT Std
StyleName:75 Black
FullName:Univers LT Std 75 Black
MenuName:Univers LT Std 55
StyleBits:2
WritingScript:Roman
OutlineFileName:C:\Users\Tomas\Dropbox\Verkefni\LHI\Maena2015\Mæna2015-18_13feb_step_yellow-lagad Folder\Document fonts\UniversLTStd-Black.otf
DataFormat:sfntData
UsesStandardEncoding:yes
isCFF:yes
FileLength:36532
FileModTime:1349705078
WeightClass:850
WidthClass:5
AngleClass:0
DesignSize:120
%EndFont

%BeginFont
Handler:DirectoryHandler
FontType:Type1
FontName:UniversLTStd-Bold
FamilyName:Univers LT Std
StyleName:65 Bold
FullName:Univers LT Std 65 Bold
MenuName:Univers LT Std 45 Light
StyleBits:2
WritingScript:Roman
OutlineFileName:C:\Users\Tomas\Dropbox\Verkefni\LHI\Maena2015\Mæna2015-18_13feb_step_yellow-lagad Folder\Document fonts\UniversLTStd-Bold.otf
DataFormat:sfntData
UsesStandardEncoding:yes
isCFF:yes
FileLength:36368
FileModTime:1349705120
WeightClass:700
WidthClass:5
AngleClass:0
DesignSize:120
%EndFont

%BeginFont
Handler:DirectoryHandler
FontType:Type1
FontName:UniversLTStd-BoldObl
FamilyName:Univers LT Std
StyleName:65 Bold Oblique
FullName:Univers LT Std 65 Bold Oblique
MenuName:Univers LT Std 45 Light
StyleBits:3
WritingScript:Roman
OutlineFileName:C:\Users\Tomas\Dropbox\Verkefni\LHI\Maena2015\Mæna2015-18_13feb_step_yellow-lagad Folder\Document fonts\UniversLTStd-BoldObl.otf
DataFormat:sfntData
UsesStandardEncoding:yes
isCFF:yes
FileLength:37408
FileModTime:1349705078
WeightClass:700
WidthClass:5
AngleClass:1
DesignSize:120
%EndFont

%BeginFont
Handler:DirectoryHandler
FontType:Type1
FontName:UniversLTStd-Obl
FamilyName:Univers LT Std
StyleName:55 Oblique
FullName:Univers LT Std 55 Oblique
MenuName:Univers LT Std 55
StyleBits:1
WritingScript:Roman
OutlineFileName:C:\Users\Tomas\Dropbox\Verkefni\LHI\Maena2015\Mæna2015-18_13feb_step_yellow-lagad Folder\Document fonts\UniversLTStd-Obl.otf
DataFormat:sfntData
UsesStandardEncoding:yes
isCFF:yes
FileLength:36432
FileModTime:1349705120
WeightClass:400
WidthClass:5
AngleClass:1
DesignSize:120
%EndFont

%BeginFont
Handler:DirectoryHandler
FontType:Type1
FontName:UniversLTStd-XBlack
FamilyName:Univers LT Std
StyleName:85 Extra Black
FullName:Univers LT Std 85 Extra Black
MenuName:Univers LT Std 85 XBlk
StyleBits:0
WritingScript:Roman
OutlineFileName:C:\Users\Tomas\Dropbox\Verkefni\LHI\Maena2015\Mæna2015-18_13feb_step_yellow-lagad Folder\Document fonts\UniversLTStd-XBlack.otf
DataFormat:sfntData
UsesStandardEncoding:yes
isCFF:yes
FileLength:32960
FileModTime:1349704718
WeightClass:950
WidthClass:5
AngleClass:0
DesignSize:120
%EndFont

%BeginFont
Handler:DirectoryHandler
FontType:Type1
FontName:UniversLTStd-XBlackObl
FamilyName:Univers LT Std
StyleName:85 Extra Black Oblique
FullName:Univers LT Std 85 Extra Black Oblique
MenuName:Univers LT Std 85 XBlk
StyleBits:1
WritingScript:Roman
OutlineFileName:C:\Users\Tomas\Dropbox\Verkefni\LHI\Maena2015\Mæna2015-18_13feb_step_yellow-lagad Folder\Document fonts\UniversLTStd-XBlackObl.otf
DataFormat:sfntData
UsesStandardEncoding:yes
isCFF:yes
FileLength:33616
FileModTime:1349705120
WeightClass:950
WidthClass:5
AngleClass:1
DesignSize:120
%EndFont

%BeginFont
Handler:DirectoryHandler
FontType:Type1
FontName:UniversLTStd
FamilyName:Univers LT Std
StyleName:55 Roman
FullName:Univers LT Std 55 Roman
MenuName:Univers LT Std 55
StyleBits:0
WritingScript:Roman
OutlineFileName:C:\Users\Tomas\Dropbox\Verkefni\LHI\Maena2015\Mæna2015-18_13feb_step_yellow-lagad Folder\Document fonts\UniversLTStd.otf
DataFormat:sfntData
UsesStandardEncoding:yes
isCFF:yes
FileLength:35100
FileModTime:1349705120
WeightClass:400
WidthClass:5
AngleClass:0
DesignSize:120
%EndFont

%BeginFont
Handler:DirectoryHandler
FontType:TrueType
FontName:Wingdings-Regular
FamilyName:Wingdings
StyleName:Regular
FullName:Wingdings
MenuName:Wingdings
StyleBits:0
WritingScript:Roman
OutlineFileName:C:\Users\Tomas\Dropbox\Verkefni\LHI\Maena2015\Mæna2015-18_13feb_step_yellow-lagad Folder\Document fonts\Wingdings.ttf
DataFormat:sfntData
FileLength:83496
FileModTime:1393401600
WeightClass:400
WidthClass:5
AngleClass:0
%EndFont

